// Jest Snapshot v1, https://goo.gl/fbAQLP

exports[`<Home /> renders without change 1`] = `
<View
  style={
    {
      "alignContent": "center",
      "backgroundColor": undefined,
      "height": 1334,
      "paddingTop": 50,
      "width": 750,
    }
  }
>
  <RCTScrollView
    contentContainerStyle={
      {
        "height": 1184,
        "width": 750,
      }
    }
  >
    <View />
  </RCTScrollView>
</View>
`;
