// Jest Snapshot v1, https://goo.gl/fbAQLP

exports[`<BookmarkLink /> renders the same as last time 1`] = `
<View
  style={
    {
      "alignSelf": "center",
      "borderWidth": 1,
      "flexDirection": "row",
      "height": 35,
      "justifyContent": "space-between",
      "width": "100%",
    }
  }
>
  <View
    accessibilityState={
      {
        "busy": undefined,
        "checked": undefined,
        "disabled": undefined,
        "expanded": undefined,
        "selected": undefined,
      }
    }
    accessibilityValue={
      {
        "max": undefined,
        "min": undefined,
        "now": undefined,
        "text": undefined,
      }
    }
    accessible={true}
    collapsable={false}
    focusable={true}
    onClick={[Function]}
    onResponderGrant={[Function]}
    onResponderMove={[Function]}
    onResponderRelease={[Function]}
    onResponderTerminate={[Function]}
    onResponderTerminationRequest={[Function]}
    onStartShouldSetResponder={[Function]}
    style={
      {
        "alignItems": "center",
        "borderWidth": 1,
        "flexDirection": "row",
        "flexGrow": 1,
        "justifyContent": "center",
        "opacity": 1,
      }
    }
  >
    <Text>
      Volume 1 - Page 1
    </Text>
  </View>
  <View
    accessibilityState={
      {
        "busy": undefined,
        "checked": undefined,
        "disabled": undefined,
        "expanded": undefined,
        "selected": undefined,
      }
    }
    accessibilityValue={
      {
        "max": undefined,
        "min": undefined,
        "now": undefined,
        "text": undefined,
      }
    }
    accessible={true}
    collapsable={false}
    focusable={true}
    onClick={[Function]}
    onResponderGrant={[Function]}
    onResponderMove={[Function]}
    onResponderRelease={[Function]}
    onResponderTerminate={[Function]}
    onResponderTerminationRequest={[Function]}
    onStartShouldSetResponder={[Function]}
    style={
      {
        "alignItems": "center",
        "borderWidth": 1,
        "flexDirection": "row",
        "justifyContent": "center",
        "opacity": 1,
        "width": 30,
      }
    }
  >
    <Text>
      X
    </Text>
  </View>
</View>
`;
